// Jest Snapshot v1, https://goo.gl/fbAQLP

exports[`App render app with 1 products 1`] = `ShallowWrapper {}`;

exports[`App render app with backend error 1`] = `ShallowWrapper {}`;

exports[`App render app with no products 1`] = `ShallowWrapper {}`;
